<html><body><div class="mx-1 mt-1 py-1 px-1 min-w-50 bg-cyan text-black text-center">foo</div></body></html>
