<html><body>
<div class="mx-1 mt-1 pt-1 px-1 min-w-50 bg-red text-black text-center">FAILURE!</div>
<br><br><hr>
<br><br><div class="mx-1 mb-1 p-1 min-w-50 bg-red text-black text-center">foo</div>
</body></html>
