<html><body>
<div class="ml-3">
    <span class="text-red">&acirc;&#157;&macr;</span> foo
</div>
</body></html>
