<html><body>
<div class="py-1 px-2">
    <span class="px-1 bg-yellow-300 text-black">Warning</span>
            <span class="ml-1">warning foo</span>
    </div>
</body></html>
