<html><body>
<div class="py-1 px-2">
    <span class="px-1 bg-red-500 text-black">Error</span>
            <span class="ml-1">error foo</span>
    </div>
</body></html>
