restart: unless-stopped
working_dir: /var/www
build:
    context: ./services/php
    target: composer
user: '1000:1000'
expose:
    - 9000
environment:
    DOCK: 1
