#!/usr/bin/env bash

# prevents autostart
echo 'exit, waiting for a compose command to restart'
exit 0
