##########
# first  #
##########

FOO=quz


##########
# second #
##########

BAR=1

BAZ=999


##########
# Extra  #
##########

QUUZ=42
