restart: unless-stopped
working_dir: /var/www
environment:
    JAVA_OPTS: '-Dwebdriver.chrome.whitelistedIps='
image: selenium/standalone-chrome
