RECIPE: laravel
HOST: test.ktm
ENV: production
PHP_VERSION: '8.1'
NODE_VERSION: lts
EXPOSE_DOCKER_HOST: false
BEHIND_PROXY: false
EXTRA_TOOLS: 'xdebug,mysql_client'
DB_ENGINE: mysql
MAILHOG_ENABLED: ''
WEBSOCKET_ENABLED: true
REDIS_ENABLED: true
NGINX_PORT: '80'
EXTERNAL_CERTIFICATE: ''
NGINX_EXTERNAL_CERTIFICATE_FOLDER: ''
NGINX_EXTERNAL_CERTIFICATE_HOSTNAME: ''
MYSQL_PORT: '3306'
MYSQL_DATABASE: database
MYSQL_USER: dbuser
MYSQL_PASSWORD: dbpassword
MYSQL_ROOT_PASSWORD: foo
MYSQL_DISABLE_STRICT_MODE: false
PHPMYADMIN_ENABLED: ''
PHPMYADMIN_PORT: ''
PHPMYADMIN_SUBDOMAIN: ''
MAILHOG_PORT: ''
MAILHOG_SUBDOMAIN: ''
WEBSOCKET_PORT: '6001'
REDIS_VERSION: 7
REDIS_PASSWORD: '1234'
REDIS_SNAPSHOT: true
REDIS_SNAPSHOT_EVERY_SECONDS: '60'
REDIS_SNAPSHOT_EVERY_WRITES: '1'
