HOST: test.ktm
ENV: local
PHP_VERSION: '8.1'
NODE_VERSION: lts
EXPOSE_DOCKER_HOST: false
BEHIND_PROXY: true
EXTRA_TOOLS: 'xdebug,mysql_client'
DB_ENGINE: mysql
MAILHOG_ENABLED: true
WEBSOCKET_ENABLED: true
REDIS_ENABLED: true
REDIS_VERSION: 7
NGINX_PORT: ''
EXTERNAL_CERTIFICATE: false
NGINX_EXTERNAL_CERTIFICATE_FOLDER: ''
NGINX_EXTERNAL_CERTIFICATE_HOSTNAME: ''
MYSQL_PORT: '3306'
MYSQL_DATABASE: database
MYSQL_USER: dbuser
MYSQL_PASSWORD: dbpassword
MYSQL_ROOT_PASSWORD: root
MYSQL_DISABLE_STRICT_MODE: false
PHPMYADMIN_ENABLED: true
PHPMYADMIN_PORT: ''
PHPMYADMIN_SUBDOMAIN: ''
MAILHOG_PORT: ''
MAILHOG_SUBDOMAIN: ''
WEBSOCKET_PORT: ''
REVERSE_PROXY_NETWORK: reverse_proxy_network
