App\Docker\Services\Php: App\Docker\Services\Php
App\Docker\Services\Nginx: App\Docker\Services\Nginx
App\Recipes\Laravel\Services\Scheduler: App\Recipes\Laravel\Services\Scheduler
App\Recipes\Laravel\Services\Worker: App\Recipes\Laravel\Services\Worker
App\Docker\Services\Composer: App\Docker\Services\Composer
App\Docker\Services\Node: App\Docker\Services\Node
App\Docker\Services\MailHog: App\Docker\Services\MailHog
App\Docker\Services\MySql: App\Docker\Services\MySql
