restart: unless-stopped
command: '--character-set-server=utf8 --collation-server=utf8_general_ci --default-authentication-plugin=mysql_native_password'
image: 'mysql:8'
cap_add:
    - SYS_NICE
expose:
    - 3306
environment:
    MYSQL_DATABASE: database
    MYSQL_USER: dbuser
    MYSQL_PASSWORD: dbpassword
    MYSQL_ROOT_PASSWORD: root
volumes:
    - './volumes/mysql/db:/var/lib/mysql'
networks:
    - test_ktm_internal_network
logging:
    options: { max-size: 10m, max-file: '3' }
