upstream php-upstream {
    server nginx:9000;
}

