<html>
<head><title>Work in progress</title></head>
<body>
<h2>Come back soon!</h2>
</body>
</html>
