working_dir: /var/www
build:
    context: ./services/node/build
ports:
    - '5173:5173'
expose:
    - 5173
