- curl
- nano
- git
- unzip
- sqlite3
- libmemcached-dev
- libz-dev
- libjpeg-dev
- libpng-dev
- libssl-dev
- libmcrypt-dev
- libzip-dev
- libfreetype6-dev
- libjpeg62-turbo-dev
- libxml2-dev
- libxrender1
- libfontconfig1
- libxext6
- ca-certificates
- libnss3
