restart: unless-stopped
working_dir: /var/www
build:
    context: ./services/php
    target: fpm
expose:
    - 9000
environment:
    DOCK: 1
