FROM php:fpm as base_php

LABEL org.opencontainers.image.authors="def:studio (https://github.com/def-studio)"

# Packages installation
RUN apt-get update && \
    apt-get install -y --no-install-recommends curl && \
    apt-get install -y --no-install-recommends nano && \
    apt-get install -y --no-install-recommends git && \
    apt-get install -y --no-install-recommends unzip && \
    apt-get install -y --no-install-recommends sqlite3 && \
    apt-get install -y --no-install-recommends libmemcached-dev && \
    apt-get install -y --no-install-recommends libz-dev && \
    apt-get install -y --no-install-recommends libjpeg-dev && \
    apt-get install -y --no-install-recommends libpng-dev && \
    apt-get install -y --no-install-recommends libssl-dev && \
    apt-get install -y --no-install-recommends libmcrypt-dev && \
    apt-get install -y --no-install-recommends libzip-dev && \
    apt-get install -y --no-install-recommends libfreetype6-dev && \
    apt-get install -y --no-install-recommends libjpeg62-turbo-dev && \
    apt-get install -y --no-install-recommends libxml2-dev && \
    apt-get install -y --no-install-recommends libxrender1 && \
    apt-get install -y --no-install-recommends libfontconfig1 && \
    apt-get install -y --no-install-recommends libxext6 && \
    apt-get install -y --no-install-recommends ca-certificates && \
    apt-get install -y --no-install-recommends libnss3


# PHP Extensions installation
RUN \
docker-php-ext-configure gd --with-freetype=/usr/include/ --with-jpeg=/usr/include/ && \
    docker-php-ext-install pdo_mysql && \
    docker-php-ext-install mysqli && \
    docker-php-ext-install pcntl && \
    docker-php-ext-install zip && \
    docker-php-ext-install soap && \
    docker-php-ext-install intl && \
    docker-php-ext-install gettext && \
    docker-php-ext-install exif && \
    docker-php-ext-install gd


# Ensure psysh file is writable
RUN mkdir -p /.config/psysh && chmod -R 777 /.config/psysh

COPY php.ini "$PHP_INI_DIR/php.ini"

#######
# FPM #
#######

FROM base_php as fpm

# Enable Xdebug (https://xdebug.org/)
RUN pecl install xdebug && \
    echo "zend_extension=xdebug" > /usr/local/etc/php/conf.d/xdebug.ini && \
    echo "xdebug.mode=debug" >> /usr/local/etc/php/conf.d/xdebug.ini && \
    echo "xdebug.client_host=host.docker.internal" >> /usr/local/etc/php/conf.d/xdebug.ini && \
    echo "xdebug.client_port=9000" >> /usr/local/etc/php/conf.d/xdebug.ini && \
    echo "xdebug.start_with_request=yes" >> /usr/local/etc/php/conf.d/xdebug.ini && \
    echo "xdebug.discover_client_host=1" >> /usr/local/etc/php/conf.d/xdebug.ini && \
    echo "xdebug.idekey='PHPSTORM'" >> /usr/local/etc/php/conf.d/xdebug.ini && \
    echo "xdebug.log_level=0" >> /usr/local/etc/php/conf.d/xdebug.ini && \
    docker-php-ext-enable xdebug



