- pdo_mysql
- mysqli
- pcntl
- zip
- soap
- intl
- gettext
- exif
- gd
