foo: bar
baz:
    quuz: [quz, xyzzy]
thud:
    waldo: [corge]
