  • <fg=green>foo bar</><fg=gray> [choose: baz, <fg=white>qux</>]</> :  