  • <fg=green>foo bar</><fg=gray> [choose: baz, qux]</> :  