  • <fg=green>foo bar</>  <fg=gray>(baz)</><fg=gray> (press 'x' to skip)</> :  